::ffff:127.0.0.1 - - [01/Aug/2025:16:48:42 +0000] "POST /api/user/profile/picture HTTP/1.1" 401 - "https://localhost:3000/" "Mozilla/5.0 (Macintosh; Intel Mac OS X 10.15; rv:142.0) Gecko/20100101 Firefox/142.0"
::ffff:127.0.0.1 - - [01/Aug/2025:17:07:20 +0000] "OPTIONS /api/user/profile/picture HTTP/1.1" 204 0 "https://localhost:3000/" "Mozilla/5.0 (Macintosh; Intel Mac OS X 10.15; rv:142.0) Gecko/20100101 Firefox/142.0"
::ffff:127.0.0.1 - - [01/Aug/2025:17:07:21 +0000] "POST /api/user/profile/picture HTTP/1.1" 200 207 "https://localhost:3000/" "Mozilla/5.0 (Macintosh; Intel Mac OS X 10.15; rv:142.0) Gecko/20100101 Firefox/142.0"
::ffff:127.0.0.1 - - [01/Aug/2025:17:11:33 +0000] "OPTIONS /api/user/profile/picture HTTP/1.1" 204 0 "https://localhost:3000/" "Mozilla/5.0 (Macintosh; Intel Mac OS X 10.15; rv:142.0) Gecko/20100101 Firefox/142.0"
::ffff:127.0.0.1 - - [01/Aug/2025:17:11:33 +0000] "POST /api/user/profile/picture HTTP/1.1" 200 207 "https://localhost:3000/" "Mozilla/5.0 (Macintosh; Intel Mac OS X 10.15; rv:142.0) Gecko/20100101 Firefox/142.0"
::1 - - [01/Aug/2025:17:12:38 +0000] "GET /api/user/ HTTP/1.1" 200 207 "-" "node"
::ffff:127.0.0.1 - - [01/Aug/2025:17:12:56 +0000] "OPTIONS /api/user/profile/picture HTTP/1.1" 204 0 "https://localhost:3000/" "Mozilla/5.0 (Macintosh; Intel Mac OS X 10.15; rv:142.0) Gecko/20100101 Firefox/142.0"
::ffff:127.0.0.1 - - [01/Aug/2025:17:12:56 +0000] "POST /api/user/profile/picture HTTP/1.1" 200 207 "https://localhost:3000/" "Mozilla/5.0 (Macintosh; Intel Mac OS X 10.15; rv:142.0) Gecko/20100101 Firefox/142.0"
::ffff:127.0.0.1 - - [01/Aug/2025:17:16:26 +0000] "OPTIONS /api/user/profile/picture HTTP/1.1" 204 0 "https://localhost:3000/" "Mozilla/5.0 (Macintosh; Intel Mac OS X 10.15; rv:142.0) Gecko/20100101 Firefox/142.0"
::ffff:127.0.0.1 - - [01/Aug/2025:17:16:26 +0000] "POST /api/user/profile/picture HTTP/1.1" 200 207 "https://localhost:3000/" "Mozilla/5.0 (Macintosh; Intel Mac OS X 10.15; rv:142.0) Gecko/20100101 Firefox/142.0"
::ffff:127.0.0.1 - - [01/Aug/2025:17:18:00 +0000] "OPTIONS /api/user/profile/picture HTTP/1.1" 204 0 "https://localhost:3000/" "Mozilla/5.0 (Macintosh; Intel Mac OS X 10.15; rv:142.0) Gecko/20100101 Firefox/142.0"
::ffff:127.0.0.1 - - [01/Aug/2025:17:18:00 +0000] "POST /api/user/profile/picture HTTP/1.1" 200 207 "https://localhost:3000/" "Mozilla/5.0 (Macintosh; Intel Mac OS X 10.15; rv:142.0) Gecko/20100101 Firefox/142.0"
::ffff:127.0.0.1 - - [01/Aug/2025:17:20:33 +0000] "OPTIONS /api/user/profile/picture HTTP/1.1" 204 0 "https://localhost:3000/" "Mozilla/5.0 (Macintosh; Intel Mac OS X 10.15; rv:142.0) Gecko/20100101 Firefox/142.0"
::ffff:127.0.0.1 - - [01/Aug/2025:17:20:33 +0000] "POST /api/user/profile/picture HTTP/1.1" 200 207 "https://localhost:3000/" "Mozilla/5.0 (Macintosh; Intel Mac OS X 10.15; rv:142.0) Gecko/20100101 Firefox/142.0"
::ffff:127.0.0.1 - - [01/Aug/2025:17:30:22 +0000] "OPTIONS /api/user/profile/picture HTTP/1.1" 204 0 "https://localhost:3000/" "Mozilla/5.0 (Macintosh; Intel Mac OS X 10.15; rv:142.0) Gecko/20100101 Firefox/142.0"
::ffff:127.0.0.1 - - [01/Aug/2025:17:30:22 +0000] "POST /api/user/profile/picture HTTP/1.1" 200 207 "https://localhost:3000/" "Mozilla/5.0 (Macintosh; Intel Mac OS X 10.15; rv:142.0) Gecko/20100101 Firefox/142.0"
::1 - - [01/Aug/2025:17:31:48 +0000] "GET /api/user/ HTTP/1.1" 200 207 "-" "node"
::ffff:127.0.0.1 - - [01/Aug/2025:17:32:25 +0000] "OPTIONS /api/user/profile/picture HTTP/1.1" 204 0 "https://localhost:3000/" "Mozilla/5.0 (Macintosh; Intel Mac OS X 10.15; rv:142.0) Gecko/20100101 Firefox/142.0"
::ffff:127.0.0.1 - - [01/Aug/2025:17:32:25 +0000] "POST /api/user/profile/picture HTTP/1.1" 200 207 "https://localhost:3000/" "Mozilla/5.0 (Macintosh; Intel Mac OS X 10.15; rv:142.0) Gecko/20100101 Firefox/142.0"
::ffff:127.0.0.1 - - [01/Aug/2025:17:36:19 +0000] "OPTIONS /api/user/profile/picture HTTP/1.1" 204 0 "https://localhost:3000/" "Mozilla/5.0 (Macintosh; Intel Mac OS X 10.15; rv:142.0) Gecko/20100101 Firefox/142.0"
::ffff:127.0.0.1 - - [01/Aug/2025:17:36:19 +0000] "POST /api/user/profile/picture HTTP/1.1" 200 207 "https://localhost:3000/" "Mozilla/5.0 (Macintosh; Intel Mac OS X 10.15; rv:142.0) Gecko/20100101 Firefox/142.0"
::1 - - [01/Aug/2025:17:40:02 +0000] "GET /api/user/ HTTP/1.1" 200 207 "-" "node"
::ffff:127.0.0.1 - - [01/Aug/2025:17:40:07 +0000] "OPTIONS /api/user/profile/picture HTTP/1.1" 204 0 "https://localhost:3000/" "Mozilla/5.0 (Macintosh; Intel Mac OS X 10.15; rv:142.0) Gecko/20100101 Firefox/142.0"
::ffff:127.0.0.1 - - [01/Aug/2025:17:40:07 +0000] "POST /api/user/profile/picture HTTP/1.1" 200 207 "https://localhost:3000/" "Mozilla/5.0 (Macintosh; Intel Mac OS X 10.15; rv:142.0) Gecko/20100101 Firefox/142.0"
::ffff:127.0.0.1 - - [01/Aug/2025:17:47:34 +0000] "OPTIONS /api/user/profile/picture HTTP/1.1" 204 0 "https://localhost:3000/" "Mozilla/5.0 (Macintosh; Intel Mac OS X 10.15; rv:142.0) Gecko/20100101 Firefox/142.0"
::ffff:127.0.0.1 - - [01/Aug/2025:17:47:34 +0000] "POST /api/user/profile/picture HTTP/1.1" 200 207 "https://localhost:3000/" "Mozilla/5.0 (Macintosh; Intel Mac OS X 10.15; rv:142.0) Gecko/20100101 Firefox/142.0"
::ffff:127.0.0.1 - - [01/Aug/2025:17:51:47 +0000] "OPTIONS /api/user/profile/picture HTTP/1.1" 204 0 "https://localhost:3000/" "Mozilla/5.0 (Macintosh; Intel Mac OS X 10.15; rv:142.0) Gecko/20100101 Firefox/142.0"
::ffff:127.0.0.1 - - [01/Aug/2025:17:51:47 +0000] "POST /api/user/profile/picture HTTP/1.1" 200 207 "https://localhost:3000/" "Mozilla/5.0 (Macintosh; Intel Mac OS X 10.15; rv:142.0) Gecko/20100101 Firefox/142.0"
::ffff:127.0.0.1 - - [01/Aug/2025:18:00:42 +0000] "OPTIONS /api/user/profile/picture HTTP/1.1" 204 0 "https://localhost:3000/" "Mozilla/5.0 (Macintosh; Intel Mac OS X 10.15; rv:142.0) Gecko/20100101 Firefox/142.0"
::ffff:127.0.0.1 - - [01/Aug/2025:18:00:42 +0000] "POST /api/user/profile/picture HTTP/1.1" 200 207 "https://localhost:3000/" "Mozilla/5.0 (Macintosh; Intel Mac OS X 10.15; rv:142.0) Gecko/20100101 Firefox/142.0"
::ffff:127.0.0.1 - - [01/Aug/2025:18:01:32 +0000] "OPTIONS /api/user/profile/picture HTTP/1.1" 204 0 "https://localhost:3000/" "Mozilla/5.0 (Macintosh; Intel Mac OS X 10.15; rv:142.0) Gecko/20100101 Firefox/142.0"
::ffff:127.0.0.1 - - [01/Aug/2025:18:01:32 +0000] "POST /api/user/profile/picture HTTP/1.1" 200 207 "https://localhost:3000/" "Mozilla/5.0 (Macintosh; Intel Mac OS X 10.15; rv:142.0) Gecko/20100101 Firefox/142.0"
::ffff:127.0.0.1 - - [01/Aug/2025:18:04:04 +0000] "OPTIONS /api/user/profile/picture HTTP/1.1" 204 0 "https://localhost:3000/" "Mozilla/5.0 (Macintosh; Intel Mac OS X 10.15; rv:142.0) Gecko/20100101 Firefox/142.0"
::ffff:127.0.0.1 - - [01/Aug/2025:18:04:04 +0000] "POST /api/user/profile/picture HTTP/1.1" 200 207 "https://localhost:3000/" "Mozilla/5.0 (Macintosh; Intel Mac OS X 10.15; rv:142.0) Gecko/20100101 Firefox/142.0"
::ffff:127.0.0.1 - - [01/Aug/2025:18:15:04 +0000] "OPTIONS /api/user/profile/picture HTTP/1.1" 204 0 "https://localhost:3000/" "Mozilla/5.0 (Macintosh; Intel Mac OS X 10.15; rv:142.0) Gecko/20100101 Firefox/142.0"
::ffff:127.0.0.1 - - [01/Aug/2025:18:15:04 +0000] "POST /api/user/profile/picture HTTP/1.1" 200 207 "https://localhost:3000/" "Mozilla/5.0 (Macintosh; Intel Mac OS X 10.15; rv:142.0) Gecko/20100101 Firefox/142.0"
::1 - - [01/Aug/2025:18:16:44 +0000] "GET /api/user/ HTTP/1.1" 200 207 "-" "node"
::ffff:127.0.0.1 - - [01/Aug/2025:18:16:49 +0000] "OPTIONS /api/user/profile/picture HTTP/1.1" 204 0 "https://localhost:3000/" "Mozilla/5.0 (Macintosh; Intel Mac OS X 10.15; rv:142.0) Gecko/20100101 Firefox/142.0"
::ffff:127.0.0.1 - - [01/Aug/2025:18:16:49 +0000] "POST /api/user/profile/picture HTTP/1.1" 401 36 "https://localhost:3000/" "Mozilla/5.0 (Macintosh; Intel Mac OS X 10.15; rv:142.0) Gecko/20100101 Firefox/142.0"
::1 - - [01/Aug/2025:18:19:51 +0000] "GET /api/user/ HTTP/1.1" 200 207 "-" "node"
::1 - - [01/Aug/2025:18:25:22 +0000] "GET /api/user/ HTTP/1.1" 200 207 "-" "node"
::1 - - [01/Aug/2025:18:27:03 +0000] "GET /api/user/ HTTP/1.1" 200 207 "-" "node"
::ffff:127.0.0.1 - - [01/Aug/2025:18:27:25 +0000] "OPTIONS /api/user/profile/picture HTTP/1.1" 204 0 "https://localhost:3000/" "Mozilla/5.0 (Macintosh; Intel Mac OS X 10.15; rv:142.0) Gecko/20100101 Firefox/142.0"
::ffff:127.0.0.1 - - [01/Aug/2025:18:27:25 +0000] "POST /api/user/profile/picture HTTP/1.1" 401 36 "https://localhost:3000/" "Mozilla/5.0 (Macintosh; Intel Mac OS X 10.15; rv:142.0) Gecko/20100101 Firefox/142.0"
::ffff:127.0.0.1 - - [01/Aug/2025:18:30:46 +0000] "OPTIONS /api/user/profile/picture HTTP/1.1" 204 0 "https://localhost:3000/" "Mozilla/5.0 (Macintosh; Intel Mac OS X 10.15; rv:142.0) Gecko/20100101 Firefox/142.0"
::ffff:127.0.0.1 - - [01/Aug/2025:18:30:46 +0000] "POST /api/user/profile/picture HTTP/1.1" 401 36 "https://localhost:3000/" "Mozilla/5.0 (Macintosh; Intel Mac OS X 10.15; rv:142.0) Gecko/20100101 Firefox/142.0"
::ffff:127.0.0.1 - - [01/Aug/2025:18:31:37 +0000] "OPTIONS /api/user/profile/picture HTTP/1.1" 204 0 "https://localhost:3000/" "Mozilla/5.0 (Macintosh; Intel Mac OS X 10.15; rv:142.0) Gecko/20100101 Firefox/142.0"
::ffff:127.0.0.1 - - [01/Aug/2025:18:31:37 +0000] "POST /api/user/profile/picture HTTP/1.1" 200 81 "https://localhost:3000/" "Mozilla/5.0 (Macintosh; Intel Mac OS X 10.15; rv:142.0) Gecko/20100101 Firefox/142.0"
::1 - - [01/Aug/2025:18:34:10 +0000] "GET /api/user/ HTTP/1.1" 200 207 "-" "node"
::ffff:127.0.0.1 - - [01/Aug/2025:18:34:17 +0000] "OPTIONS /api/user/profile/picture HTTP/1.1" 204 0 "https://localhost:3000/" "Mozilla/5.0 (Macintosh; Intel Mac OS X 10.15; rv:142.0) Gecko/20100101 Firefox/142.0"
::ffff:127.0.0.1 - - [01/Aug/2025:18:34:17 +0000] "POST /api/user/profile/picture HTTP/1.1" 200 81 "https://localhost:3000/" "Mozilla/5.0 (Macintosh; Intel Mac OS X 10.15; rv:142.0) Gecko/20100101 Firefox/142.0"
::1 - - [01/Aug/2025:18:35:05 +0000] "GET /api/user/ HTTP/1.1" 200 207 "-" "node"
::ffff:127.0.0.1 - - [01/Aug/2025:18:35:10 +0000] "OPTIONS /api/user/profile/picture HTTP/1.1" 204 0 "https://localhost:3000/" "Mozilla/5.0 (Macintosh; Intel Mac OS X 10.15; rv:142.0) Gecko/20100101 Firefox/142.0"
::ffff:127.0.0.1 - - [01/Aug/2025:18:35:10 +0000] "POST /api/user/profile/picture HTTP/1.1" 200 81 "https://localhost:3000/" "Mozilla/5.0 (Macintosh; Intel Mac OS X 10.15; rv:142.0) Gecko/20100101 Firefox/142.0"
::1 - - [01/Aug/2025:18:40:09 +0000] "GET /api/user/ HTTP/1.1" 200 207 "-" "node"
::1 - - [01/Aug/2025:18:41:29 +0000] "GET /api/user/ HTTP/1.1" 200 207 "-" "node"
::1 - - [01/Aug/2025:18:43:58 +0000] "GET /api/user/ HTTP/1.1" 200 207 "-" "node"
::1 - - [01/Aug/2025:18:44:24 +0000] "GET /api/user/ HTTP/1.1" 200 207 "-" "node"
::1 - - [01/Aug/2025:18:45:04 +0000] "GET /api/user/ HTTP/1.1" 200 207 "-" "node"
::1 - - [01/Aug/2025:18:46:21 +0000] "GET /api/user/ HTTP/1.1" 200 207 "-" "node"
::1 - - [01/Aug/2025:18:46:34 +0000] "GET /api/user/ HTTP/1.1" 200 207 "-" "node"
::1 - - [01/Aug/2025:18:47:32 +0000] "GET /api/user/ HTTP/1.1" 200 207 "-" "node"
::1 - - [01/Aug/2025:18:52:47 +0000] "GET /api/user/ HTTP/1.1" 200 207 "-" "node"
::1 - - [01/Aug/2025:18:53:22 +0000] "GET /api/user/ HTTP/1.1" 200 207 "-" "node"
::1 - - [01/Aug/2025:18:54:10 +0000] "GET /api/user/ HTTP/1.1" 200 207 "-" "node"
::1 - - [01/Aug/2025:18:59:43 +0000] "GET /api/user/ HTTP/1.1" 200 207 "-" "node"
::1 - - [01/Aug/2025:19:02:00 +0000] "GET /api/user/ HTTP/1.1" 200 207 "-" "node"
::1 - - [01/Aug/2025:19:02:13 +0000] "GET /api/user/ HTTP/1.1" 200 207 "-" "node"
::ffff:127.0.0.1 - - [01/Aug/2025:19:02:20 +0000] "OPTIONS /api/user/profile/picture HTTP/1.1" 204 0 "https://localhost:3000/" "Mozilla/5.0 (Macintosh; Intel Mac OS X 10.15; rv:142.0) Gecko/20100101 Firefox/142.0"
::ffff:127.0.0.1 - - [01/Aug/2025:19:02:20 +0000] "POST /api/user/profile/picture HTTP/1.1" 200 81 "https://localhost:3000/" "Mozilla/5.0 (Macintosh; Intel Mac OS X 10.15; rv:142.0) Gecko/20100101 Firefox/142.0"
::1 - - [01/Aug/2025:19:03:57 +0000] "GET /api/user/ HTTP/1.1" 200 207 "-" "node"
::ffff:127.0.0.1 - - [01/Aug/2025:19:04:24 +0000] "OPTIONS /api/user/profile/picture HTTP/1.1" 204 0 "https://localhost:3000/" "Mozilla/5.0 (Macintosh; Intel Mac OS X 10.15; rv:142.0) Gecko/20100101 Firefox/142.0"
::ffff:127.0.0.1 - - [01/Aug/2025:19:04:24 +0000] "POST /api/user/profile/picture HTTP/1.1" 200 81 "https://localhost:3000/" "Mozilla/5.0 (Macintosh; Intel Mac OS X 10.15; rv:142.0) Gecko/20100101 Firefox/142.0"
::1 - - [01/Aug/2025:19:05:50 +0000] "GET /api/user/ HTTP/1.1" 200 207 "-" "node"
::ffff:127.0.0.1 - - [01/Aug/2025:19:05:54 +0000] "OPTIONS /api/user/profile/picture HTTP/1.1" 204 0 "https://localhost:3000/" "Mozilla/5.0 (Macintosh; Intel Mac OS X 10.15; rv:142.0) Gecko/20100101 Firefox/142.0"
::ffff:127.0.0.1 - - [01/Aug/2025:19:05:54 +0000] "POST /api/user/profile/picture HTTP/1.1" 200 81 "https://localhost:3000/" "Mozilla/5.0 (Macintosh; Intel Mac OS X 10.15; rv:142.0) Gecko/20100101 Firefox/142.0"
::1 - - [01/Aug/2025:19:07:16 +0000] "GET /api/user/ HTTP/1.1" 200 207 "-" "node"
::ffff:127.0.0.1 - - [01/Aug/2025:19:07:20 +0000] "OPTIONS /api/user/profile/picture HTTP/1.1" 204 0 "https://localhost:3000/" "Mozilla/5.0 (Macintosh; Intel Mac OS X 10.15; rv:142.0) Gecko/20100101 Firefox/142.0"
::ffff:127.0.0.1 - - [01/Aug/2025:19:07:21 +0000] "POST /api/user/profile/picture HTTP/1.1" 200 81 "https://localhost:3000/" "Mozilla/5.0 (Macintosh; Intel Mac OS X 10.15; rv:142.0) Gecko/20100101 Firefox/142.0"
::1 - - [01/Aug/2025:19:07:57 +0000] "GET /api/user/ HTTP/1.1" 200 207 "-" "node"
::ffff:127.0.0.1 - - [01/Aug/2025:19:08:09 +0000] "OPTIONS /api/user/profile/picture HTTP/1.1" 204 0 "https://localhost:3000/" "Mozilla/5.0 (Macintosh; Intel Mac OS X 10.15; rv:142.0) Gecko/20100101 Firefox/142.0"
::ffff:127.0.0.1 - - [01/Aug/2025:19:08:09 +0000] "POST /api/user/profile/picture HTTP/1.1" 200 81 "https://localhost:3000/" "Mozilla/5.0 (Macintosh; Intel Mac OS X 10.15; rv:142.0) Gecko/20100101 Firefox/142.0"
::1 - - [01/Aug/2025:19:09:19 +0000] "GET /api/user/ HTTP/1.1" 200 207 "-" "node"
::ffff:127.0.0.1 - - [01/Aug/2025:19:09:26 +0000] "OPTIONS /api/user/profile/picture HTTP/1.1" 204 0 "https://localhost:3000/" "Mozilla/5.0 (Macintosh; Intel Mac OS X 10.15; rv:142.0) Gecko/20100101 Firefox/142.0"
::ffff:127.0.0.1 - - [01/Aug/2025:19:09:26 +0000] "POST /api/user/profile/picture HTTP/1.1" 200 81 "https://localhost:3000/" "Mozilla/5.0 (Macintosh; Intel Mac OS X 10.15; rv:142.0) Gecko/20100101 Firefox/142.0"
::ffff:127.0.0.1 - - [01/Aug/2025:19:10:09 +0000] "OPTIONS /api/user/profile/picture HTTP/1.1" 204 0 "https://localhost:3000/" "Mozilla/5.0 (Macintosh; Intel Mac OS X 10.15; rv:142.0) Gecko/20100101 Firefox/142.0"
::ffff:127.0.0.1 - - [01/Aug/2025:19:10:09 +0000] "POST /api/user/profile/picture HTTP/1.1" 200 81 "https://localhost:3000/" "Mozilla/5.0 (Macintosh; Intel Mac OS X 10.15; rv:142.0) Gecko/20100101 Firefox/142.0"
::1 - - [01/Aug/2025:19:11:57 +0000] "GET /api/user/ HTTP/1.1" 200 207 "-" "node"
::ffff:127.0.0.1 - - [01/Aug/2025:19:12:06 +0000] "OPTIONS /api/user/profile/picture HTTP/1.1" 204 0 "https://localhost:3000/" "Mozilla/5.0 (Macintosh; Intel Mac OS X 10.15; rv:142.0) Gecko/20100101 Firefox/142.0"
::ffff:127.0.0.1 - - [01/Aug/2025:19:12:06 +0000] "POST /api/user/profile/picture HTTP/1.1" 200 81 "https://localhost:3000/" "Mozilla/5.0 (Macintosh; Intel Mac OS X 10.15; rv:142.0) Gecko/20100101 Firefox/142.0"
::1 - - [01/Aug/2025:19:14:09 +0000] "GET /api/user/ HTTP/1.1" 200 207 "-" "node"
::ffff:127.0.0.1 - - [01/Aug/2025:19:14:14 +0000] "OPTIONS /api/user/profile/picture HTTP/1.1" 204 0 "https://localhost:3000/" "Mozilla/5.0 (Macintosh; Intel Mac OS X 10.15; rv:142.0) Gecko/20100101 Firefox/142.0"
::ffff:127.0.0.1 - - [01/Aug/2025:19:14:14 +0000] "POST /api/user/profile/picture HTTP/1.1" 200 81 "https://localhost:3000/" "Mozilla/5.0 (Macintosh; Intel Mac OS X 10.15; rv:142.0) Gecko/20100101 Firefox/142.0"
::1 - - [01/Aug/2025:19:17:21 +0000] "GET /api/user/ HTTP/1.1" 200 207 "-" "node"
::ffff:127.0.0.1 - - [01/Aug/2025:19:17:32 +0000] "OPTIONS /api/user/profile/picture HTTP/1.1" 204 0 "https://localhost:3000/" "Mozilla/5.0 (Macintosh; Intel Mac OS X 10.15; rv:142.0) Gecko/20100101 Firefox/142.0"
::ffff:127.0.0.1 - - [01/Aug/2025:19:17:32 +0000] "POST /api/user/profile/picture HTTP/1.1" 200 81 "https://localhost:3000/" "Mozilla/5.0 (Macintosh; Intel Mac OS X 10.15; rv:142.0) Gecko/20100101 Firefox/142.0"
::ffff:127.0.0.1 - - [01/Aug/2025:19:19:05 +0000] "OPTIONS /api/user/profile/picture HTTP/1.1" 204 0 "https://localhost:3000/" "Mozilla/5.0 (Macintosh; Intel Mac OS X 10.15; rv:142.0) Gecko/20100101 Firefox/142.0"
::ffff:127.0.0.1 - - [01/Aug/2025:19:19:05 +0000] "POST /api/user/profile/picture HTTP/1.1" 200 81 "https://localhost:3000/" "Mozilla/5.0 (Macintosh; Intel Mac OS X 10.15; rv:142.0) Gecko/20100101 Firefox/142.0"
::1 - - [02/Aug/2025:16:18:48 +0000] "GET /api/user/ HTTP/1.1" 401 - "-" "node"
::1 - - [02/Aug/2025:16:29:18 +0000] "GET /api/user/ HTTP/1.1" 401 - "-" "node"
::1 - - [02/Aug/2025:16:29:44 +0000] "GET /api/user/ HTTP/1.1" 401 - "-" "node"
::1 - - [02/Aug/2025:16:29:52 +0000] "GET /api/user/ HTTP/1.1" 401 - "-" "node"
::1 - - [02/Aug/2025:16:29:52 +0000] "GET /api/posts/papers?page=1&pageSize=10 HTTP/1.1" 200 13506 "-" "node"
::1 - - [02/Aug/2025:16:29:52 +0000] "GET /api/posts/papers?page=1&pageSize=10 HTTP/1.1" 200 12666 "-" "node"
::1 - - [02/Aug/2025:16:30:33 +0000] "GET /api/posts/papers?page=1&pageSize=10 HTTP/1.1" 200 12082 "-" "node"
::1 - - [02/Aug/2025:16:30:33 +0000] "GET /api/posts/papers?page=1&pageSize=10 HTTP/1.1" 200 12666 "-" "node"
::1 - - [02/Aug/2025:16:30:38 +0000] "GET /api/posts/papers?page=1&pageSize=10 HTTP/1.1" 200 10840 "-" "node"
::1 - - [02/Aug/2025:16:30:38 +0000] "GET /api/posts/papers?page=1&pageSize=10 HTTP/1.1" 200 11255 "-" "node"
::1 - - [02/Aug/2025:16:30:51 +0000] "GET /api/user/ HTTP/1.1" 401 - "-" "node"
::1 - - [02/Aug/2025:16:31:25 +0000] "GET /api/user/ HTTP/1.1" 401 - "-" "node"
::1 - - [02/Aug/2025:16:31:25 +0000] "GET /api/posts/papers?page=1&pageSize=10 HTTP/1.1" 200 15756 "-" "node"
::1 - - [02/Aug/2025:16:31:25 +0000] "GET /api/posts/papers?page=2&pageSize=10 HTTP/1.1" 200 13743 "-" "node"
::1 - - [04/Aug/2025:23:23:02 +0000] "GET /api/user/ HTTP/1.1" 401 - "-" "node"
::ffff:127.0.0.1 - - [04/Aug/2025:23:23:05 +0000] "GET /api/auth/google HTTP/1.1" 302 0 "https://localhost:3000/" "Mozilla/5.0 (Macintosh; Intel Mac OS X 10.15; rv:142.0) Gecko/20100101 Firefox/142.0"
::ffff:127.0.0.1 - - [04/Aug/2025:23:23:08 +0000] "GET /api/auth/google/callback?code=4%2F0AVMBsJibOZler21K3mbm2sCavT8sCNyqT1XhBZjqaqhgNscJNzVf1zv4BzpQ0cZ7MKs7rA&scope=email+profile+openid+https%3A%2F%2Fwww.googleapis.com%2Fauth%2Fuserinfo.profile+https%3A%2F%2Fwww.googleapis.com%2Fauth%2Fuserinfo.email&authuser=0&prompt=none HTTP/1.1" 302 266 "https://accounts.google.com/" "Mozilla/5.0 (Macintosh; Intel Mac OS X 10.15; rv:142.0) Gecko/20100101 Firefox/142.0"
::1 - - [04/Aug/2025:23:23:10 +0000] "GET /api/user/ HTTP/1.1" 200 207 "-" "node"
::ffff:127.0.0.1 - - [04/Aug/2025:23:42:36 +0000] "OPTIONS /api/user/profile/picture HTTP/1.1" 204 0 "https://localhost:3000/" "Mozilla/5.0 (Macintosh; Intel Mac OS X 10.15; rv:142.0) Gecko/20100101 Firefox/142.0"
::ffff:127.0.0.1 - - [04/Aug/2025:23:42:36 +0000] "POST /api/user/profile/picture HTTP/1.1" 200 80 "https://localhost:3000/" "Mozilla/5.0 (Macintosh; Intel Mac OS X 10.15; rv:142.0) Gecko/20100101 Firefox/142.0"
::1 - - [04/Aug/2025:23:43:41 +0000] "GET /api/user/ HTTP/1.1" 200 207 "-" "node"
::ffff:127.0.0.1 - - [04/Aug/2025:23:44:24 +0000] "GET /api/docs/favicon-32x32.png HTTP/1.1" - - "-" "Mozilla/5.0 (Macintosh; Intel Mac OS X 10.15; rv:142.0) Gecko/20100101 Firefox/142.0"
::ffff:127.0.0.1 - - [04/Aug/2025:23:45:14 +0000] "GET /api/docs/ HTTP/1.1" 304 - "-" "Mozilla/5.0 (Macintosh; Intel Mac OS X 10.15; rv:142.0) Gecko/20100101 Firefox/142.0"
::ffff:127.0.0.1 - - [04/Aug/2025:23:45:14 +0000] "GET /api/docs/swagger-ui.css HTTP/1.1" 304 - "-" "Mozilla/5.0 (Macintosh; Intel Mac OS X 10.15; rv:142.0) Gecko/20100101 Firefox/142.0"
::ffff:127.0.0.1 - - [04/Aug/2025:23:45:14 +0000] "GET /api/docs/swagger-ui-bundle.js HTTP/1.1" 304 - "-" "Mozilla/5.0 (Macintosh; Intel Mac OS X 10.15; rv:142.0) Gecko/20100101 Firefox/142.0"
::ffff:127.0.0.1 - - [04/Aug/2025:23:45:14 +0000] "GET /api/docs/swagger-ui-init.js HTTP/1.1" 200 17935 "-" "Mozilla/5.0 (Macintosh; Intel Mac OS X 10.15; rv:142.0) Gecko/20100101 Firefox/142.0"
::ffff:127.0.0.1 - - [04/Aug/2025:23:45:14 +0000] "GET /api/docs/swagger-ui-standalone-preset.js HTTP/1.1" 304 - "-" "Mozilla/5.0 (Macintosh; Intel Mac OS X 10.15; rv:142.0) Gecko/20100101 Firefox/142.0"
::ffff:127.0.0.1 - - [04/Aug/2025:23:45:20 +0000] "GET /api/docs/ HTTP/1.1" 304 - "-" "Mozilla/5.0 (Macintosh; Intel Mac OS X 10.15; rv:142.0) Gecko/20100101 Firefox/142.0"
::ffff:127.0.0.1 - - [04/Aug/2025:23:45:20 +0000] "GET /api/docs/swagger-ui.css HTTP/1.1" 304 - "-" "Mozilla/5.0 (Macintosh; Intel Mac OS X 10.15; rv:142.0) Gecko/20100101 Firefox/142.0"
::ffff:127.0.0.1 - - [04/Aug/2025:23:45:20 +0000] "GET /api/docs/swagger-ui-bundle.js HTTP/1.1" 304 - "-" "Mozilla/5.0 (Macintosh; Intel Mac OS X 10.15; rv:142.0) Gecko/20100101 Firefox/142.0"
::ffff:127.0.0.1 - - [04/Aug/2025:23:45:20 +0000] "GET /api/docs/swagger-ui-standalone-preset.js HTTP/1.1" 304 - "-" "Mozilla/5.0 (Macintosh; Intel Mac OS X 10.15; rv:142.0) Gecko/20100101 Firefox/142.0"
::ffff:127.0.0.1 - - [04/Aug/2025:23:45:20 +0000] "GET /api/docs/swagger-ui-init.js HTTP/1.1" 304 - "-" "Mozilla/5.0 (Macintosh; Intel Mac OS X 10.15; rv:142.0) Gecko/20100101 Firefox/142.0"
::ffff:127.0.0.1 - - [04/Aug/2025:23:52:00 +0000] "GET /api/docs/ HTTP/1.1" 304 - "-" "Mozilla/5.0 (Macintosh; Intel Mac OS X 10.15; rv:142.0) Gecko/20100101 Firefox/142.0"
::ffff:127.0.0.1 - - [04/Aug/2025:23:52:00 +0000] "GET /api/docs/swagger-ui.css HTTP/1.1" 304 - "-" "Mozilla/5.0 (Macintosh; Intel Mac OS X 10.15; rv:142.0) Gecko/20100101 Firefox/142.0"
::ffff:127.0.0.1 - - [04/Aug/2025:23:52:00 +0000] "GET /api/docs/swagger-ui-bundle.js HTTP/1.1" 304 - "-" "Mozilla/5.0 (Macintosh; Intel Mac OS X 10.15; rv:142.0) Gecko/20100101 Firefox/142.0"
::ffff:127.0.0.1 - - [04/Aug/2025:23:52:00 +0000] "GET /api/docs/swagger-ui-init.js HTTP/1.1" 200 17942 "-" "Mozilla/5.0 (Macintosh; Intel Mac OS X 10.15; rv:142.0) Gecko/20100101 Firefox/142.0"
::ffff:127.0.0.1 - - [04/Aug/2025:23:52:00 +0000] "GET /api/docs/swagger-ui-standalone-preset.js HTTP/1.1" 304 - "-" "Mozilla/5.0 (Macintosh; Intel Mac OS X 10.15; rv:142.0) Gecko/20100101 Firefox/142.0"
::1 - - [04/Aug/2025:23:52:12 +0000] "GET /api/user/ HTTP/1.1" 200 207 "-" "node"
::1 - - [04/Aug/2025:23:52:27 +0000] "GET /api/user/ HTTP/1.1" 200 207 "-" "node"
::1 - - [04/Aug/2025:23:52:28 +0000] "GET /api/user/ HTTP/1.1" 200 207 "-" "node"
::1 - - [04/Aug/2025:23:52:31 +0000] "GET /api/user/ HTTP/1.1" 200 207 "-" "node"
::1 - - [04/Aug/2025:23:52:41 +0000] "GET /api/user/ HTTP/1.1" 200 207 "-" "node"
::1 - - [04/Aug/2025:23:55:16 +0000] "GET /api/user/ HTTP/1.1" 200 207 "-" "node"
::ffff:127.0.0.1 - - [04/Aug/2025:23:55:22 +0000] "OPTIONS /api/user/profile/picture HTTP/1.1" 204 0 "https://localhost:3000/" "Mozilla/5.0 (Macintosh; Intel Mac OS X 10.15; rv:142.0) Gecko/20100101 Firefox/142.0"
::ffff:127.0.0.1 - - [04/Aug/2025:23:55:22 +0000] "POST /api/user/profile/picture HTTP/1.1" 200 87 "https://localhost:3000/" "Mozilla/5.0 (Macintosh; Intel Mac OS X 10.15; rv:142.0) Gecko/20100101 Firefox/142.0"
::ffff:127.0.0.1 - - [04/Aug/2025:23:59:32 +0000] "GET /api/docs/ HTTP/1.1" 304 - "-" "Mozilla/5.0 (Macintosh; Intel Mac OS X 10.15; rv:142.0) Gecko/20100101 Firefox/142.0"
::ffff:127.0.0.1 - - [04/Aug/2025:23:59:32 +0000] "GET /api/docs/swagger-ui.css HTTP/1.1" 304 - "-" "Mozilla/5.0 (Macintosh; Intel Mac OS X 10.15; rv:142.0) Gecko/20100101 Firefox/142.0"
::ffff:127.0.0.1 - - [04/Aug/2025:23:59:32 +0000] "GET /api/docs/swagger-ui-bundle.js HTTP/1.1" 304 - "-" "Mozilla/5.0 (Macintosh; Intel Mac OS X 10.15; rv:142.0) Gecko/20100101 Firefox/142.0"
::ffff:127.0.0.1 - - [04/Aug/2025:23:59:32 +0000] "GET /api/docs/swagger-ui-init.js HTTP/1.1" 200 18218 "-" "Mozilla/5.0 (Macintosh; Intel Mac OS X 10.15; rv:142.0) Gecko/20100101 Firefox/142.0"
::ffff:127.0.0.1 - - [04/Aug/2025:23:59:32 +0000] "GET /api/docs/swagger-ui-standalone-preset.js HTTP/1.1" 304 - "-" "Mozilla/5.0 (Macintosh; Intel Mac OS X 10.15; rv:142.0) Gecko/20100101 Firefox/142.0"
::1 - - [05/Aug/2025:00:13:34 +0000] "GET /api/user/ HTTP/1.1" 200 261 "-" "node"
::1 - - [05/Aug/2025:00:14:41 +0000] "GET /api/user/ HTTP/1.1" 200 261 "-" "node"
::1 - - [05/Aug/2025:00:14:53 +0000] "GET /api/user/ HTTP/1.1" 200 261 "-" "node"
::1 - - [05/Aug/2025:00:15:04 +0000] "GET /api/user/ HTTP/1.1" 200 261 "-" "node"
::1 - - [05/Aug/2025:00:17:14 +0000] "GET /api/user/ HTTP/1.1" 200 261 "-" "node"
::1 - - [05/Aug/2025:00:17:36 +0000] "GET /api/user/ HTTP/1.1" 200 197 "-" "node"
::1 - - [05/Aug/2025:00:17:42 +0000] "GET /api/user/ HTTP/1.1" 200 197 "-" "node"
::1 - - [05/Aug/2025:00:21:50 +0000] "GET /api/user/ HTTP/1.1" 200 220 "-" "node"
::ffff:127.0.0.1 - - [05/Aug/2025:00:21:50 +0000] "GET //uploads/profile-images/user_6.png HTTP/1.1" 404 173 "https://localhost:3000/" "Mozilla/5.0 (Macintosh; Intel Mac OS X 10.15; rv:142.0) Gecko/20100101 Firefox/142.0"
::1 - - [05/Aug/2025:00:21:52 +0000] "GET /api/user/ HTTP/1.1" 200 220 "-" "node"
::ffff:127.0.0.1 - - [05/Aug/2025:00:21:52 +0000] "GET //uploads/profile-images/user_6.png HTTP/1.1" 404 173 "https://localhost:3000/" "Mozilla/5.0 (Macintosh; Intel Mac OS X 10.15; rv:142.0) Gecko/20100101 Firefox/142.0"
::1 - - [05/Aug/2025:00:21:56 +0000] "GET /api/user/ HTTP/1.1" 200 220 "-" "node"
::ffff:127.0.0.1 - - [05/Aug/2025:00:21:56 +0000] "GET //uploads/profile-images/user_6.png HTTP/1.1" 404 173 "https://localhost:3000/" "Mozilla/5.0 (Macintosh; Intel Mac OS X 10.15; rv:142.0) Gecko/20100101 Firefox/142.0"
::1 - - [05/Aug/2025:00:22:36 +0000] "GET /api/user/ HTTP/1.1" 200 220 "-" "node"
::ffff:127.0.0.1 - - [05/Aug/2025:00:22:36 +0000] "GET //uploads/profile-images/user_6.png HTTP/1.1" 404 173 "https://localhost:3000/" "Mozilla/5.0 (Macintosh; Intel Mac OS X 10.15; rv:142.0) Gecko/20100101 Firefox/142.0"
::1 - - [05/Aug/2025:00:23:11 +0000] "GET /api/user/ HTTP/1.1" 200 219 "-" "node"
::ffff:127.0.0.1 - - [05/Aug/2025:00:23:11 +0000] "GET /uploads/profile-images/user_6.png HTTP/1.1" 404 172 "https://localhost:3000/" "Mozilla/5.0 (Macintosh; Intel Mac OS X 10.15; rv:142.0) Gecko/20100101 Firefox/142.0"
::1 - - [05/Aug/2025:00:23:26 +0000] "GET /uploads/profile-images/user_6.png HTTP/1.1" 404 172 "-" "Mozilla/5.0 (Macintosh; Intel Mac OS X 10_15_7) AppleWebKit/537.36 (KHTML, like Gecko) Chrome/138.0.0.0 Safari/537.36"
::1 - - [05/Aug/2025:00:28:59 +0000] "GET /api/user/ HTTP/1.1" 200 219 "-" "node"
::ffff:127.0.0.1 - - [05/Aug/2025:00:28:59 +0000] "GET /uploads/profile-images/user_6.png HTTP/1.1" 200 1776 "https://localhost:3000/" "Mozilla/5.0 (Macintosh; Intel Mac OS X 10.15; rv:142.0) Gecko/20100101 Firefox/142.0"
::1 - - [05/Aug/2025:00:29:44 +0000] "GET /api/user/ HTTP/1.1" 200 219 "-" "node"
::ffff:127.0.0.1 - - [05/Aug/2025:00:29:44 +0000] "GET /uploads/profile-images/user_6.png HTTP/1.1" 200 1776 "https://localhost:3000/" "Mozilla/5.0 (Macintosh; Intel Mac OS X 10.15; rv:142.0) Gecko/20100101 Firefox/142.0"
::1 - - [05/Aug/2025:00:29:55 +0000] "GET /api/user/ HTTP/1.1" 200 219 "-" "node"
::ffff:127.0.0.1 - - [05/Aug/2025:00:29:55 +0000] "GET /uploads/profile-images/user_6.png HTTP/1.1" 200 1776 "https://localhost:3000/" "Mozilla/5.0 (Macintosh; Intel Mac OS X 10.15; rv:142.0) Gecko/20100101 Firefox/142.0"
::1 - - [05/Aug/2025:00:30:02 +0000] "GET /uploads/profile-images/user_6.png HTTP/1.1" 200 1776 "-" "Mozilla/5.0 (Macintosh; Intel Mac OS X 10_15_7) AppleWebKit/537.36 (KHTML, like Gecko) Chrome/138.0.0.0 Safari/537.36"
::1 - - [05/Aug/2025:00:30:02 +0000] "GET /favicon.ico HTTP/1.1" 404 150 "-" "Mozilla/5.0 (Macintosh; Intel Mac OS X 10_15_7) AppleWebKit/537.36 (KHTML, like Gecko) Chrome/138.0.0.0 Safari/537.36"
::ffff:127.0.0.1 - - [05/Aug/2025:00:30:21 +0000] "OPTIONS /api/user/profile/picture HTTP/1.1" 204 0 "https://localhost:3000/" "Mozilla/5.0 (Macintosh; Intel Mac OS X 10.15; rv:142.0) Gecko/20100101 Firefox/142.0"
::ffff:127.0.0.1 - - [05/Aug/2025:00:30:21 +0000] "POST /api/user/profile/picture HTTP/1.1" 200 87 "https://localhost:3000/" "Mozilla/5.0 (Macintosh; Intel Mac OS X 10.15; rv:142.0) Gecko/20100101 Firefox/142.0"
::1 - - [05/Aug/2025:00:30:22 +0000] "GET /api/user/ HTTP/1.1" 200 219 "-" "node"
::1 - - [05/Aug/2025:00:30:25 +0000] "GET /api/user/ HTTP/1.1" 200 219 "-" "node"
::ffff:127.0.0.1 - - [05/Aug/2025:00:30:25 +0000] "GET /uploads/profile-images/user_6.png HTTP/1.1" 200 4564 "https://localhost:3000/" "Mozilla/5.0 (Macintosh; Intel Mac OS X 10.15; rv:142.0) Gecko/20100101 Firefox/142.0"
::1 - - [05/Aug/2025:00:30:30 +0000] "GET /uploads/profile-images/user_6.png HTTP/1.1" 200 4564 "-" "Mozilla/5.0 (Macintosh; Intel Mac OS X 10_15_7) AppleWebKit/537.36 (KHTML, like Gecko) Chrome/138.0.0.0 Safari/537.36"
::ffff:127.0.0.1 - - [05/Aug/2025:00:32:18 +0000] "GET /uploads/profile-images/user_6.png HTTP/1.1" 200 4564 "https://localhost:3000/" "Mozilla/5.0 (Macintosh; Intel Mac OS X 10.15; rv:142.0) Gecko/20100101 Firefox/142.0"
::1 - - [05/Aug/2025:00:32:23 +0000] "GET /api/user/ HTTP/1.1" 200 219 "-" "node"
::ffff:127.0.0.1 - - [05/Aug/2025:00:32:23 +0000] "GET /uploads/profile-images/user_6.png HTTP/1.1" 200 4564 "https://localhost:3000/" "Mozilla/5.0 (Macintosh; Intel Mac OS X 10.15; rv:142.0) Gecko/20100101 Firefox/142.0"
::1 - - [05/Aug/2025:00:32:28 +0000] "GET /api/user/ HTTP/1.1" 200 219 "-" "node"
::ffff:127.0.0.1 - - [05/Aug/2025:00:32:28 +0000] "GET /uploads/profile-images/user_6.png HTTP/1.1" 200 4564 "https://localhost:3000/" "Mozilla/5.0 (Macintosh; Intel Mac OS X 10.15; rv:142.0) Gecko/20100101 Firefox/142.0"
::ffff:127.0.0.1 - - [05/Aug/2025:00:32:38 +0000] "GET /uploads/profile-images/user_6.png HTTP/1.1" 200 4564 "-" "Mozilla/5.0 (Macintosh; Intel Mac OS X 10.15; rv:142.0) Gecko/20100101 Firefox/142.0"
::ffff:127.0.0.1 - - [05/Aug/2025:00:33:38 +0000] "OPTIONS /api/user/profile/picture HTTP/1.1" 204 0 "https://localhost:3000/" "Mozilla/5.0 (Macintosh; Intel Mac OS X 10.15; rv:142.0) Gecko/20100101 Firefox/142.0"
::ffff:127.0.0.1 - - [05/Aug/2025:00:33:38 +0000] "POST /api/user/profile/picture HTTP/1.1" 200 87 "https://localhost:3000/" "Mozilla/5.0 (Macintosh; Intel Mac OS X 10.15; rv:142.0) Gecko/20100101 Firefox/142.0"
::1 - - [05/Aug/2025:00:33:39 +0000] "GET /api/user/ HTTP/1.1" 200 219 "-" "node"
::ffff:127.0.0.1 - - [05/Aug/2025:00:33:43 +0000] "GET /uploads/profile-images/user_6.png HTTP/1.1" 200 107202 "-" "Mozilla/5.0 (Macintosh; Intel Mac OS X 10.15; rv:142.0) Gecko/20100101 Firefox/142.0"
::1 - - [05/Aug/2025:00:33:48 +0000] "GET /api/user/ HTTP/1.1" 200 219 "-" "node"
::ffff:127.0.0.1 - - [05/Aug/2025:00:33:48 +0000] "GET /uploads/profile-images/user_6.png HTTP/1.1" 304 - "https://localhost:3000/" "Mozilla/5.0 (Macintosh; Intel Mac OS X 10.15; rv:142.0) Gecko/20100101 Firefox/142.0"
::1 - - [05/Aug/2025:00:34:05 +0000] "GET /uploads/profile-images/user_6.png HTTP/1.1" 200 107202 "-" "Mozilla/5.0 (Macintosh; Intel Mac OS X 10_15_7) AppleWebKit/537.36 (KHTML, like Gecko) Chrome/138.0.0.0 Safari/537.36"
::1 - - [05/Aug/2025:00:38:49 +0000] "GET /api/user/ HTTP/1.1" 200 219 "-" "node"
::ffff:127.0.0.1 - - [05/Aug/2025:00:38:49 +0000] "GET /uploads/profile-images/user_6.png HTTP/1.1" 304 - "https://localhost:3000/" "Mozilla/5.0 (Macintosh; Intel Mac OS X 10.15; rv:142.0) Gecko/20100101 Firefox/142.0"
::1 - - [05/Aug/2025:00:42:18 +0000] "GET /api/user/ HTTP/1.1" 200 219 "-" "node"
::ffff:127.0.0.1 - - [05/Aug/2025:00:42:18 +0000] "GET /uploads/profile-images/user_6.png HTTP/1.1" 304 - "https://localhost:3000/" "Mozilla/5.0 (Macintosh; Intel Mac OS X 10.15; rv:142.0) Gecko/20100101 Firefox/142.0"
::1 - - [05/Aug/2025:00:42:20 +0000] "GET /api/user/ HTTP/1.1" 200 219 "-" "node"
::ffff:127.0.0.1 - - [05/Aug/2025:00:42:20 +0000] "GET /uploads/profile-images/user_6.png HTTP/1.1" 304 - "https://localhost:3000/" "Mozilla/5.0 (Macintosh; Intel Mac OS X 10.15; rv:142.0) Gecko/20100101 Firefox/142.0"
::1 - - [05/Aug/2025:00:42:35 +0000] "GET /api/user/ HTTP/1.1" 200 219 "-" "node"
::ffff:127.0.0.1 - - [05/Aug/2025:00:42:35 +0000] "GET /uploads/profile-images/user_6.png HTTP/1.1" 304 - "https://localhost:3000/" "Mozilla/5.0 (Macintosh; Intel Mac OS X 10.15; rv:142.0) Gecko/20100101 Firefox/142.0"
::1 - - [05/Aug/2025:00:43:18 +0000] "POST /api/logout HTTP/1.1" 200 31 "-" "node"
::ffff:127.0.0.1 - - [05/Aug/2025:00:43:20 +0000] "GET /api/auth/google HTTP/1.1" 302 0 "https://localhost:3000/" "Mozilla/5.0 (Macintosh; Intel Mac OS X 10.15; rv:142.0) Gecko/20100101 Firefox/142.0"
::ffff:127.0.0.1 - - [05/Aug/2025:00:43:22 +0000] "GET /api/auth/google/callback?code=4%2F0AVMBsJg9PN5uyF0zl7SlZwfBABZKbMGod9WuYyhUT9STDkZ8CRoBzxA2gdowOTT7EXAnig&scope=email+profile+https%3A%2F%2Fwww.googleapis.com%2Fauth%2Fuserinfo.profile+openid+https%3A%2F%2Fwww.googleapis.com%2Fauth%2Fuserinfo.email&authuser=0&prompt=none HTTP/1.1" 302 266 "https://accounts.google.com/" "Mozilla/5.0 (Macintosh; Intel Mac OS X 10.15; rv:142.0) Gecko/20100101 Firefox/142.0"
::1 - - [05/Aug/2025:00:43:23 +0000] "GET /api/user/ HTTP/1.1" 200 219 "-" "node"
::ffff:127.0.0.1 - - [05/Aug/2025:00:43:23 +0000] "GET /uploads/profile-images/user_6.png HTTP/1.1" 304 - "https://localhost:3000/" "Mozilla/5.0 (Macintosh; Intel Mac OS X 10.15; rv:142.0) Gecko/20100101 Firefox/142.0"
::ffff:127.0.0.1 - - [05/Aug/2025:00:43:23 +0000] "GET /uploads/profile-images/user_6.png HTTP/1.1" 304 - "https://localhost:3000/" "Mozilla/5.0 (Macintosh; Intel Mac OS X 10.15; rv:142.0) Gecko/20100101 Firefox/142.0"
::1 - - [05/Aug/2025:00:44:36 +0000] "GET /api/user/ HTTP/1.1" 500 384 "-" "node"
::1 - - [05/Aug/2025:00:46:26 +0000] "GET /api/user/ HTTP/1.1" 500 384 "-" "node"
::1 - - [05/Aug/2025:00:46:46 +0000] "GET /api/user/ HTTP/1.1" 200 219 "-" "node"
::ffff:127.0.0.1 - - [05/Aug/2025:00:46:46 +0000] "GET /uploads/profile-images/user_6.png HTTP/1.1" 304 - "https://localhost:3000/" "Mozilla/5.0 (Macintosh; Intel Mac OS X 10.15; rv:142.0) Gecko/20100101 Firefox/142.0"
::1 - - [05/Aug/2025:00:47:46 +0000] "GET /api/user/ HTTP/1.1" 200 261 "-" "node"
::1 - - [05/Aug/2025:00:48:52 +0000] "GET /api/user/ HTTP/1.1" 200 219 "-" "node"
::ffff:127.0.0.1 - - [05/Aug/2025:00:48:52 +0000] "GET /uploads/profile-images/user_6.png HTTP/1.1" 304 - "https://localhost:3000/" "Mozilla/5.0 (Macintosh; Intel Mac OS X 10.15; rv:142.0) Gecko/20100101 Firefox/142.0"
::1 - - [05/Aug/2025:00:49:46 +0000] "GET /api/user/ HTTP/1.1" 200 165 "-" "node"
::ffff:127.0.0.1 - - [05/Aug/2025:00:49:46 +0000] "GET /uploads/profile-images/user_6.png HTTP/1.1" 304 - "https://localhost:3000/" "Mozilla/5.0 (Macintosh; Intel Mac OS X 10.15; rv:142.0) Gecko/20100101 Firefox/142.0"
::1 - - [05/Aug/2025:00:50:28 +0000] "GET /api/user/ HTTP/1.1" 200 165 "-" "node"
::ffff:127.0.0.1 - - [05/Aug/2025:00:50:28 +0000] "GET /uploads/profile-images/user_6.png HTTP/1.1" 304 - "https://localhost:3000/" "Mozilla/5.0 (Macintosh; Intel Mac OS X 10.15; rv:142.0) Gecko/20100101 Firefox/142.0"
::1 - - [05/Aug/2025:00:51:09 +0000] "GET /api/user/ HTTP/1.1" 200 165 "-" "node"
::ffff:127.0.0.1 - - [05/Aug/2025:00:51:09 +0000] "GET /uploads/profile-images/user_6.png HTTP/1.1" 304 - "https://localhost:3000/" "Mozilla/5.0 (Macintosh; Intel Mac OS X 10.15; rv:142.0) Gecko/20100101 Firefox/142.0"
::1 - - [05/Aug/2025:00:51:19 +0000] "GET /api/user/ HTTP/1.1" 200 207 "-" "node"
::1 - - [05/Aug/2025:00:51:25 +0000] "GET /api/user/ HTTP/1.1" 200 207 "-" "node"
::ffff:127.0.0.1 - - [05/Aug/2025:00:52:00 +0000] "OPTIONS /api/user/profile/picture HTTP/1.1" 204 0 "https://localhost:3000/" "Mozilla/5.0 (Macintosh; Intel Mac OS X 10.15; rv:142.0) Gecko/20100101 Firefox/142.0"
::ffff:127.0.0.1 - - [05/Aug/2025:00:52:00 +0000] "POST /api/user/profile/picture HTTP/1.1" 200 87 "https://localhost:3000/" "Mozilla/5.0 (Macintosh; Intel Mac OS X 10.15; rv:142.0) Gecko/20100101 Firefox/142.0"
::1 - - [05/Aug/2025:00:52:01 +0000] "GET /api/user/ HTTP/1.1" 200 165 "-" "node"
::ffff:127.0.0.1 - - [05/Aug/2025:00:52:01 +0000] "GET /uploads/profile-images/user_6.png HTTP/1.1" 200 104930 "https://localhost:3000/" "Mozilla/5.0 (Macintosh; Intel Mac OS X 10.15; rv:142.0) Gecko/20100101 Firefox/142.0"
::1 - - [05/Aug/2025:00:52:05 +0000] "GET /api/user/ HTTP/1.1" 200 165 "-" "node"
::ffff:127.0.0.1 - - [05/Aug/2025:00:52:05 +0000] "GET /uploads/profile-images/user_6.png HTTP/1.1" 200 104930 "https://localhost:3000/" "Mozilla/5.0 (Macintosh; Intel Mac OS X 10.15; rv:142.0) Gecko/20100101 Firefox/142.0"
::1 - - [05/Aug/2025:00:52:21 +0000] "GET /api/user/ HTTP/1.1" 401 - "-" "node"
::1 - - [05/Aug/2025:00:52:24 +0000] "POST /api/logout HTTP/1.1" 200 31 "-" "node"
::1 - - [05/Aug/2025:00:52:26 +0000] "GET /api/auth/google HTTP/1.1" 302 0 "https://localhost:3000/" "Mozilla/5.0 (Macintosh; Intel Mac OS X 10_15_7) AppleWebKit/537.36 (KHTML, like Gecko) Chrome/138.0.0.0 Safari/537.36"
::1 - - [05/Aug/2025:00:52:28 +0000] "GET /api/auth/google/callback?code=4%2F0AVMBsJgeSCJDpG4bEN9aQNb8y1qqx_H4-A-YfPbqlvjPZ_9OvrTCExaGflVmycAoxVmMrw&scope=email+profile+https%3A%2F%2Fwww.googleapis.com%2Fauth%2Fuserinfo.profile+openid+https%3A%2F%2Fwww.googleapis.com%2Fauth%2Fuserinfo.email&authuser=0&prompt=none HTTP/1.1" 302 266 "https://accounts.google.com/" "Mozilla/5.0 (Macintosh; Intel Mac OS X 10_15_7) AppleWebKit/537.36 (KHTML, like Gecko) Chrome/138.0.0.0 Safari/537.36"
::1 - - [05/Aug/2025:00:52:29 +0000] "GET /api/user/ HTTP/1.1" 200 165 "-" "node"
::1 - - [05/Aug/2025:00:52:29 +0000] "GET /uploads/profile-images/user_6.png HTTP/1.1" 200 104930 "https://localhost:3000/" "Mozilla/5.0 (Macintosh; Intel Mac OS X 10_15_7) AppleWebKit/537.36 (KHTML, like Gecko) Chrome/138.0.0.0 Safari/537.36"
::1 - - [05/Aug/2025:00:52:29 +0000] "GET /uploads/profile-images/user_6.png HTTP/1.1" 200 104930 "https://localhost:3000/" "Mozilla/5.0 (Macintosh; Intel Mac OS X 10_15_7) AppleWebKit/537.36 (KHTML, like Gecko) Chrome/138.0.0.0 Safari/537.36"
::1 - - [05/Aug/2025:00:52:33 +0000] "GET /api/user/ HTTP/1.1" 200 165 "-" "node"
::1 - - [05/Aug/2025:00:52:33 +0000] "GET /uploads/profile-images/user_6.png HTTP/1.1" 200 104930 "https://localhost:3000/" "Mozilla/5.0 (Macintosh; Intel Mac OS X 10_15_7) AppleWebKit/537.36 (KHTML, like Gecko) Chrome/138.0.0.0 Safari/537.36"
::1 - - [05/Aug/2025:00:53:58 +0000] "GET /uploads/profile-images/user_6.png HTTP/1.1" 200 104930 "-" "Mozilla/5.0 (Macintosh; Intel Mac OS X 10_15_7) AppleWebKit/537.36 (KHTML, like Gecko) Chrome/138.0.0.0 Safari/537.36"
::1 - - [05/Aug/2025:00:54:09 +0000] "GET /uploads/profile-images/user_6.png HTTP/1.1" 304 - "-" "Mozilla/5.0 (Macintosh; Intel Mac OS X 10_15_7) AppleWebKit/537.36 (KHTML, like Gecko) Chrome/138.0.0.0 Safari/537.36"
::1 - - [05/Aug/2025:00:54:29 +0000] "GET /api/user/ HTTP/1.1" 200 165 "-" "node"
::ffff:127.0.0.1 - - [05/Aug/2025:00:54:29 +0000] "GET /uploads/profile-images/user_6.png HTTP/1.1" 200 104930 "https://localhost:3000/" "Mozilla/5.0 (Macintosh; Intel Mac OS X 10.15; rv:142.0) Gecko/20100101 Firefox/142.0"
::1 - - [05/Aug/2025:00:54:31 +0000] "GET /api/user/ HTTP/1.1" 200 165 "-" "node"
::ffff:127.0.0.1 - - [05/Aug/2025:00:54:31 +0000] "GET /uploads/profile-images/user_6.png HTTP/1.1" 200 104930 "https://localhost:3000/" "Mozilla/5.0 (Macintosh; Intel Mac OS X 10.15; rv:142.0) Gecko/20100101 Firefox/142.0"
::1 - - [05/Aug/2025:00:54:38 +0000] "GET /api/user/ HTTP/1.1" 200 165 "-" "node"
::ffff:127.0.0.1 - - [05/Aug/2025:00:54:38 +0000] "GET /uploads/profile-images/user_6.png HTTP/1.1" 200 104930 "https://localhost:3000/" "Mozilla/5.0 (Macintosh; Intel Mac OS X 10.15; rv:142.0) Gecko/20100101 Firefox/142.0"
::1 - - [05/Aug/2025:00:54:47 +0000] "GET /api/user/ HTTP/1.1" 200 207 "-" "node"
::1 - - [05/Aug/2025:14:31:13 +0000] "GET /api/user/ HTTP/1.1" 401 - "-" "node"
::1 - - [05/Aug/2025:14:31:23 +0000] "POST /api/logout HTTP/1.1" 200 31 "-" "node"
::ffff:127.0.0.1 - - [05/Aug/2025:14:31:25 +0000] "GET /api/auth/google HTTP/1.1" 302 0 "https://localhost:3000/" "Mozilla/5.0 (Macintosh; Intel Mac OS X 10.15; rv:142.0) Gecko/20100101 Firefox/142.0"
::ffff:127.0.0.1 - - [05/Aug/2025:14:31:28 +0000] "GET /api/auth/google/callback?code=4%2F0AVMBsJhIB0jpvpa6qbJ_2pc4kqSGFdBJKvZSlJtPzfathmXYryZORyPSc2y77utHHeXU9g&scope=email+profile+https%3A%2F%2Fwww.googleapis.com%2Fauth%2Fuserinfo.email+https%3A%2F%2Fwww.googleapis.com%2Fauth%2Fuserinfo.profile+openid&authuser=0&prompt=none HTTP/1.1" 302 266 "https://accounts.google.com/" "Mozilla/5.0 (Macintosh; Intel Mac OS X 10.15; rv:142.0) Gecko/20100101 Firefox/142.0"
::1 - - [05/Aug/2025:14:31:29 +0000] "GET /api/user/ HTTP/1.1" 200 207 "-" "node"
::1 - - [05/Aug/2025:14:34:32 +0000] "GET /api/user/ HTTP/1.1" 200 207 "-" "node"
::1 - - [05/Aug/2025:14:34:48 +0000] "GET /api/user/ HTTP/1.1" 200 207 "-" "node"
::1 - - [05/Aug/2025:14:35:04 +0000] "GET /api/user/ HTTP/1.1" 200 207 "-" "node"
::1 - - [05/Aug/2025:14:37:45 +0000] "GET /api/user/ HTTP/1.1" 200 207 "-" "node"
::1 - - [05/Aug/2025:14:39:26 +0000] "GET /api/user/ HTTP/1.1" 200 207 "-" "node"
::1 - - [05/Aug/2025:14:39:30 +0000] "GET /api/user/ HTTP/1.1" 200 207 "-" "node"
::1 - - [05/Aug/2025:14:42:33 +0000] "GET /api/user/ HTTP/1.1" 200 207 "-" "node"
::1 - - [05/Aug/2025:14:44:49 +0000] "GET /api/user/ HTTP/1.1" 200 207 "-" "node"
::1 - - [05/Aug/2025:14:45:00 +0000] "GET /api/user/ HTTP/1.1" 200 207 "-" "node"
::1 - - [05/Aug/2025:14:45:22 +0000] "GET /api/user/ HTTP/1.1" 200 207 "-" "node"
::1 - - [05/Aug/2025:14:45:33 +0000] "GET /api/user/ HTTP/1.1" 200 207 "-" "node"
::1 - - [05/Aug/2025:14:45:45 +0000] "GET /api/user/ HTTP/1.1" 200 207 "-" "node"
::1 - - [05/Aug/2025:14:46:03 +0000] "GET /api/user/ HTTP/1.1" 200 207 "-" "node"
::1 - - [05/Aug/2025:14:46:32 +0000] "GET /api/user/ HTTP/1.1" 200 207 "-" "node"
::1 - - [05/Aug/2025:14:51:27 +0000] "GET /api/user/ HTTP/1.1" 200 207 "-" "node"
::1 - - [05/Aug/2025:14:55:40 +0000] "GET /api/user/ HTTP/1.1" 200 207 "-" "node"
::1 - - [05/Aug/2025:14:55:56 +0000] "GET /api/user/ HTTP/1.1" 200 207 "-" "node"
::1 - - [05/Aug/2025:15:04:32 +0000] "GET /api/user/ HTTP/1.1" 200 207 "-" "node"
::1 - - [05/Aug/2025:15:04:37 +0000] "GET /api/user/ HTTP/1.1" 200 207 "-" "node"
::1 - - [05/Aug/2025:15:04:51 +0000] "GET /api/user/ HTTP/1.1" 200 207 "-" "node"
::1 - - [05/Aug/2025:15:08:30 +0000] "GET /api/user/ HTTP/1.1" 200 207 "-" "node"
